Microchip MPLAB XC8 Compiler V1.36 ()

Linker command line:

-W-3 --edf=C:\Program Files (x86)\Microchip\xc8\v1.36\dat\en_msgs.txt -cs \
  -h+dist/default/production\PrimerProyecto.X.production.sym \
  --cmf=dist/default/production\PrimerProyecto.X.production.cmf -z \
  -Q18F25K50 -oC:\Users\CARLOS~1\AppData\Local\Temp\s5ss.2 \
  -Mdist/default/production/PrimerProyecto.X.production.map -E1 -ver=XC8 \
  -ASTACK=060h-07ffh -pstack=STACK -ACODE=00h-07FFFh -ACONST=00h-07FFFh \
  -ASMALLCONST=0800h-08FFhx120 -AMEDIUMCONST=0800h-07FFFh -ACOMRAM=01h-05Fh \
  -AABS1=00h-07FFh -ABIGRAM=01h-07FFh -ARAM=060h-0FFh,0100h-01FFhx7 \
  -ABANK0=060h-0FFh -ABANK1=0100h-01FFh -ABANK2=0200h-02FFh \
  -ABANK3=0300h-03FFh -ABANK4=0400h-04FFh -ABANK5=0500h-05FFh \
  -ABANK6=0600h-06FFh -ABANK7=0700h-07FFh -ASFR=0F53h-0F5Fh,0F60h-0FFFh \
  -preset_vec=00h,intcode,intcodelo,powerup,init,end_init -pramtop=0800h \
  -psmallconst=SMALLCONST -pmediumconst=MEDIUMCONST -pconst=CONST \
  -AFARRAM=00h-00h -ACONFIG=0300000h-030000Dh -pconfig=CONFIG \
  -AIDLOC=0200000h-0200007h -pidloc=IDLOC -AEEDATA=0F00000h-0F000FFh \
  -peeprom_data=EEDATA \
  -prdata=COMRAM,nvrram=COMRAM,nvbit=COMRAM,rbss=COMRAM,rbit=COMRAM \
  -pfarbss=FARRAM,fardata=FARRAM,nvFARRAM=FARRAM \
  -pintsave_regs=BIGRAM,bigbss=BIGRAM,bigdata=BIGRAM -pbss=RAM \
  -pidata=CODE,irdata=CODE,ibigdata=CODE,ifardata=CODE -prparam=COMRAM \
  C:\Users\CARLOS~1\AppData\Local\Temp\s5ss.obj \
  dist/default/production\PrimerProyecto.X.production.obj 

Object code version is 3.11

Machine type is 18F25K50

Call graph: (short form)




                Name                               Link     Load   Length Selector   Space Scale
C:\Users\CARLOS~1\AppData\Local\Temp\s5ss.obj
                end_init                              0        0        4        0       0
                idloc                            200000   200000        8   200000       0
                config                           300000   300000        E   300000       0
dist/default/production\PrimerProyecto.X.production.obj
                text6                              7B16     7B16       AE     3D8B       0
                text5                              7A4E     7A4E       38     3D27       0
                text4                              7E54     7E54      1AC     3F2A       0
                text3                              7A86     7A86       90     3D43       0
                text2                              7BC4     7BC4       F4     3DE2       0
                text1                              7A00     7A00       24     3D00       0
                text0                              7CB8     7CB8      19C     3E5C       0
                cstackCOMRAM                          1        1       29        1       1
                dataCOMRAM                           2A       2A        9        1       1
                cinit                              7A24     7A24       2A     3D12       0
                nvCOMRAM                             33       33        5        1       1
                idataCOMRAM                        79F7     79F7        9     79F7       0

TOTAL           Name                               Link     Load   Length     Space
        CLASS   STACK          

        CLASS   CODE           
                end_init                              0        0        4         0
                text6                              7B16     7B16       AE         0
                text5                              7A4E     7A4E       38         0
                text4                              7E54     7E54      1AC         0
                text3                              7A86     7A86       90         0
                text2                              7BC4     7BC4       F4         0
                text1                              7A00     7A00       24         0
                text0                              7CB8     7CB8      19C         0
                cinit                              7A24     7A24       2A         0
                idataCOMRAM                        79F7     79F7        9         0

        CLASS   CONST          

        CLASS   SMALLCONST     

        CLASS   MEDIUMCONST    

        CLASS   COMRAM         
                cstackCOMRAM                          1        1       29         1
                dataCOMRAM                           2A       2A        9         1
                nvCOMRAM                             33       33        5         1

        CLASS   ABS1           

        CLASS   BIGRAM         

        CLASS   RAM            

        CLASS   BANK0          

        CLASS   BANK1          

        CLASS   BANK2          

        CLASS   BANK3          

        CLASS   BANK4          

        CLASS   BANK5          

        CLASS   BANK6          

        CLASS   BANK7          

        CLASS   SFR            

        CLASS   FARRAM         

        CLASS   CONFIG         
                config                           300000   300000        E         0

        CLASS   IDLOC          
                idloc                            200000   200000        8         0

        CLASS   EEDATA         



SEGMENTS        Name                           Load    Length   Top    Selector   Space  Class

                reset_vec                      000000  000004  000004         0       0  CODE    
                cstackCOMRAM                   000001  000037  000038         1       1  COMRAM  
                idataCOMRAM                    0079F7  000009  007A00      79F7       0  CODE    
                text1                          007A00  000024  007A24      3D00       0  CODE    
                cinit                          007A24  00002A  007A4E      3D12       0  CODE    
                text5                          007A4E  000038  007A86      3D27       0  CODE    
                text3                          007A86  000090  007B16      3D43       0  CODE    
                text6                          007B16  0000AE  007BC4      3D8B       0  CODE    
                text2                          007BC4  0000F4  007CB8      3DE2       0  CODE    
                text0                          007CB8  00019C  007E54      3E5C       0  CODE    
                text4                          007E54  0001AC  008000      3F2A       0  CODE    
                idloc                          200000  000008  200008    200000       0  IDLOC   
                config                         300000  00000E  30000E    300000       0  CONFIG  


UNUSED ADDRESS RANGES

        Name                Unused          Largest block    Delta
        BANK0            000060-0000FF               A0
        BANK1            000100-0001FF              100
        BANK2            000200-0002FF              100
        BANK3            000300-0003FF              100
        BANK4            000400-0004FF              100
        BANK5            000500-0005FF              100
        BANK6            000600-0006FF              100
        BANK7            000700-0007FF              100
        BIGRAM           000038-0007FF              7C8
        CODE             000004-0079F6             79F3
        COMRAM           000038-00005F               28
        CONST            000004-0079F6             79F3
        EEDATA           F00000-F000FF              100
        MEDIUMCONST      000800-0079F6             71F7
        RAM              000060-0007FF              100
        SFR              000F53-000FFF                D
        SMALLCONST       000800-0079F6              100
        STACK            000060-0007FF              7A0

                                  Symbol Table

?___awtoft               cstackCOMRAM 000009
?___ftadd                cstackCOMRAM 00001C
?___ftmul                cstackCOMRAM 00000D
?___ftpack               cstackCOMRAM 000001
?___lbtoft               cstackCOMRAM 000009
_Ans                     nvCOMRAM     000033
_Cat                     dataCOMRAM   000032
_Dog                     dataCOMRAM   000030
_Mouse                   dataCOMRAM   00002A
_Rat                     dataCOMRAM   00002D
__HRAM                   (abs)        000000
__Habs1                  abs1         000000
__Hbank0                 bank0        000000
__Hbank1                 bank1        000000
__Hbank2                 bank2        000000
__Hbank3                 bank3        000000
__Hbank4                 bank4        000000
__Hbank5                 bank5        000000
__Hbank6                 bank6        000000
__Hbank7                 bank7        000000
__Hbigbss                bigbss       000000
__Hbigdata               bigdata      000000
__Hbigram                bigram       000000
__Hbss                   bss          000000
__Hcinit                 cinit        000000
__Hclrtext               clrtext      000000
__Hcomram                comram       000000
__Hconfig                config       30000E
__Hconst                 const        000000
__HcstackCOMRAM          cstackCOMRAM 000000
__Hdata                  data         000000
__HdataCOMRAM            dataCOMRAM   000000
__Heeprom_data           eeprom_data  000000
__Hend_init              end_init     000004
__Hfarbss                farbss       000000
__Hfardata               fardata      000000
__Hibigdata              ibigdata     000000
__Hidata                 idata        000000
__HidataCOMRAM           idataCOMRAM  000000
__Hidloc                 idloc        200008
__Hifardata              ifardata     000000
__Hinit                  init         000000
__Hintcode               intcode      000000
__Hintcode_body          intcode_body 000000
__Hintcodelo             intcodelo    000000
__Hintentry              intentry     000000
__Hintret                intret       000000
__Hintsave_regs          intsave_regs 000000
__Hirdata                irdata       000000
__Hmediumconst           mediumconst  000000
__HnvCOMRAM              nvCOMRAM     000000
__HnvFARRAM              nvFARRAM     000000
__Hnvbit                 nvbit        000000
__Hnvrram                nvrram       000000
__Hparam                 rparam       000000
__Hpowerup               powerup      000000
__Hram                   ram          000000
__Hramtop                ramtop       000800
__Hrbit                  rbit         000000
__Hrbss                  rbss         000000
__Hrdata                 rdata        000000
__Hreset_vec             reset_vec    000000
__Hrparam                rparam       000000
__Hsfr                   sfr          000000
__Hsmallconst            smallconst   000000
__Hspace_0               (abs)        30000E
__Hspace_1               (abs)        000038
__Hspace_2               (abs)        000000
__Hstack                 stack        000000
__Hstruct                struct       000000
__Htemp                  temp         000000
__Htext                  text         000000
__Htext0                 text0        000000
__Htext1                 text1        000000
__Htext2                 text2        000000
__Htext3                 text3        000000
__Htext4                 text4        000000
__Htext5                 text5        000000
__Htext6                 text6        000000
__LRAM                   (abs)        000001
__Labs1                  abs1         000000
__Lbank0                 bank0        000000
__Lbank1                 bank1        000000
__Lbank2                 bank2        000000
__Lbank3                 bank3        000000
__Lbank4                 bank4        000000
__Lbank5                 bank5        000000
__Lbank6                 bank6        000000
__Lbank7                 bank7        000000
__Lbigbss                bigbss       000000
__Lbigdata               bigdata      000000
__Lbigram                bigram       000000
__Lbss                   bss          000000
__Lcinit                 cinit        000000
__Lclrtext               clrtext      000000
__Lcomram                comram       000000
__Lconfig                config       300000
__Lconst                 const        000000
__LcstackCOMRAM          cstackCOMRAM 000000
__Ldata                  data         000000
__LdataCOMRAM            dataCOMRAM   000000
__Leeprom_data           eeprom_data  000000
__Lend_init              end_init     000000
__Lfarbss                farbss       000000
__Lfardata               fardata      000000
__Libigdata              ibigdata     000000
__Lidata                 idata        000000
__LidataCOMRAM           idataCOMRAM  000000
__Lidloc                 idloc        200000
__Lifardata              ifardata     000000
__Linit                  init         000000
__Lintcode               intcode      000000
__Lintcode_body          intcode_body 000000
__Lintcodelo             intcodelo    000000
__Lintentry              intentry     000000
__Lintret                intret       000000
__Lintsave_regs          intsave_regs 000000
__Lirdata                irdata       000000
__Lmediumconst           mediumconst  000000
__LnvCOMRAM              nvCOMRAM     000000
__LnvFARRAM              nvFARRAM     000000
__Lnvbit                 nvbit        000000
__Lnvrram                nvrram       000000
__Lparam                 rparam       000000
__Lpowerup               powerup      000000
__Lram                   ram          000000
__Lramtop                ramtop       000800
__Lrbit                  rbit         000000
__Lrbss                  rbss         000000
__Lrdata                 rdata        000000
__Lreset_vec             reset_vec    000000
__Lrparam                rparam       000000
__Lsfr                   sfr          000000
__Lsmallconst            smallconst   000000
__Lspace_0               (abs)        000000
__Lspace_1               (abs)        000000
__Lspace_2               (abs)        000000
__Lstack                 stack        000000
__Lstruct                struct       000000
__Ltemp                  temp         000000
__Ltext                  text         000000
__Ltext0                 text0        000000
__Ltext1                 text1        000000
__Ltext2                 text2        000000
__Ltext3                 text3        000000
__Ltext4                 text4        000000
__Ltext5                 text5        000000
__Ltext6                 text6        000000
__S0                     (abs)        30000E
__S1                     (abs)        000038
__S2                     (abs)        000000
___awtoft                text5        007A4E
___awtoft@c              cstackCOMRAM 000009
___awtoft@sign           cstackCOMRAM 00000C
___ftadd                 text4        007E54
___ftadd@exp1            cstackCOMRAM 000027
___ftadd@exp2            cstackCOMRAM 000026
___ftadd@f1              cstackCOMRAM 00001C
___ftadd@f2              cstackCOMRAM 00001F
___ftadd@sign            cstackCOMRAM 000025
___ftge                  text3        007A86
___ftge@ff1              cstackCOMRAM 000001
___ftge@ff2              cstackCOMRAM 000004
___ftmul                 text2        007BC4
___ftmul@cntr            cstackCOMRAM 00001A
___ftmul@exp             cstackCOMRAM 000016
___ftmul@f1              cstackCOMRAM 00000D
___ftmul@f2              cstackCOMRAM 000010
___ftmul@f3_as_product   cstackCOMRAM 000017
___ftmul@sign            cstackCOMRAM 00001B
___ftpack                text6        007B16
___ftpack@arg            cstackCOMRAM 000001
___ftpack@exp            cstackCOMRAM 000004
___ftpack@sign           cstackCOMRAM 000005
___inthi_sp              stack        000000
___intlo_sp              stack        000000
___lbtoft                text1        007A00
___lbtoft@c              cstackCOMRAM 00000C
___param_bank            (abs)        000010
___rparam_used           (abs)        000001
___sp                    stack        000000
__accesstop              (abs)        000060
__activetblptr           (abs)        000002
__end_of___awtoft        text5        007A86
__end_of___ftadd         text4        008000
__end_of___ftge          text3        007B16
__end_of___ftmul         text2        007CB8
__end_of___ftpack        text6        007BC4
__end_of___lbtoft        text1        007A24
__end_of__initialization cinit        007A44
__end_of_main            text0        007E54
__initialization         cinit        007A24
__mediumconst            mediumconst  000000
__pcinit                 cinit        007A24
__pcstackCOMRAM          cstackCOMRAM 000001
__pdataCOMRAM            dataCOMRAM   00002A
__pidataCOMRAM           idataCOMRAM  0079F7
__pnvCOMRAM              nvCOMRAM     000033
__ptext0                 text0        007CB8
__ptext1                 text1        007A00
__ptext2                 text2        007BC4
__ptext3                 text3        007A86
__ptext4                 text4        007E54
__ptext5                 text5        007A4E
__ptext6                 text6        007B16
__ramtop                 ramtop       000800
__size_of___awtoft       (abs)        000000
__size_of___ftadd        (abs)        000000
__size_of___ftge         (abs)        000000
__size_of___ftmul        (abs)        000000
__size_of___ftpack       (abs)        000000
__size_of___lbtoft       (abs)        000000
__size_of_main           (abs)        000000
__smallconst             smallconst   000000
_i                       nvCOMRAM     000036
_main                    text0        007CB8
end_of_initialization    cinit        007A44
intlevel0                text         000000
intlevel1                text         000000
intlevel2                text         000000
intlevel3                text         000000
stackhi                  (abs)        0007FF
stacklo                  (abs)        000060
start                    init         000000
start_initialization     cinit        007A24


FUNCTION INFORMATION:

 *************** function _main *****************
 Defined at:
		line 20 in file "main.c"
 Parameters:    Size  Location     Type
		None
 Auto vars:     Size  Location     Type
		None
 Return value:  Size  Location     Type
                  1    wreg      void 
 Registers used:
		wreg, status,2, status,0, cstack
 Tracked objects:
		On entry : 
		On exit  : 
		Unchanged: 
 Data sizes:     COMRAM   BANK0   BANK1   BANK2   BANK3   BANK4   BANK5   BANK6   BANK7
      Params:         0       0       0       0       0       0       0       0       0
      Locals:         0       0       0       0       0       0       0       0       0
      Temps:          2       0       0       0       0       0       0       0       0
      Totals:         2       0       0       0       0       0       0       0       0
Total ram usage:        2 bytes
 Hardware stack levels required when called:    2
 This function calls:
		___awtoft
		___ftadd
		___ftge
		___ftmul
		___lbtoft
 This function is called by:
		Startup code after reset
 This function uses a non-reentrant model


 *************** function ___lbtoft *****************
 Defined at:
		line 27 in file "C:\Program Files (x86)\Microchip\xc8\v1.36\sources\common\lbtoft.c"
 Parameters:    Size  Location     Type
  c               1    wreg     unsigned char 
 Auto vars:     Size  Location     Type
  c               1   11[COMRAM] unsigned char 
 Return value:  Size  Location     Type
                  3    8[COMRAM] float 
 Registers used:
		wreg, status,2, status,0, cstack
 Tracked objects:
		On entry : 
		On exit  : 
		Unchanged: 
 Data sizes:     COMRAM   BANK0   BANK1   BANK2   BANK3   BANK4   BANK5   BANK6   BANK7
      Params:         3       0       0       0       0       0       0       0       0
      Locals:         1       0       0       0       0       0       0       0       0
      Temps:          0       0       0       0       0       0       0       0       0
      Totals:         4       0       0       0       0       0       0       0       0
Total ram usage:        4 bytes
 Hardware stack levels used:    1
 Hardware stack levels required when called:    1
 This function calls:
		___ftpack
 This function is called by:
		_main
 This function uses a non-reentrant model


 *************** function ___ftmul *****************
 Defined at:
		line 62 in file "C:\Program Files (x86)\Microchip\xc8\v1.36\sources\common\ftmul.c"
 Parameters:    Size  Location     Type
  f1              3   12[COMRAM] float 
  f2              3   15[COMRAM] float 
 Auto vars:     Size  Location     Type
  f3_as_produc    3   22[COMRAM] unsigned um
  sign            1   26[COMRAM] unsigned char 
  cntr            1   25[COMRAM] unsigned char 
  exp             1   21[COMRAM] unsigned char 
 Return value:  Size  Location     Type
                  3   12[COMRAM] float 
 Registers used:
		wreg, status,2, status,0, cstack
 Tracked objects:
		On entry : 
		On exit  : 
		Unchanged: 
 Data sizes:     COMRAM   BANK0   BANK1   BANK2   BANK3   BANK4   BANK5   BANK6   BANK7
      Params:         6       0       0       0       0       0       0       0       0
      Locals:         6       0       0       0       0       0       0       0       0
      Temps:          3       0       0       0       0       0       0       0       0
      Totals:        15       0       0       0       0       0       0       0       0
Total ram usage:       15 bytes
 Hardware stack levels used:    1
 Hardware stack levels required when called:    1
 This function calls:
		___ftpack
 This function is called by:
		_main
 This function uses a non-reentrant model


 *************** function ___ftge *****************
 Defined at:
		line 4 in file "C:\Program Files (x86)\Microchip\xc8\v1.36\sources\common\ftge.c"
 Parameters:    Size  Location     Type
  ff1             3    0[COMRAM] float 
  ff2             3    3[COMRAM] float 
 Auto vars:     Size  Location     Type
		None
 Return value:  Size  Location     Type
		None               void
 Registers used:
		wreg, status,2, status,0
 Tracked objects:
		On entry : 
		On exit  : 
		Unchanged: 
 Data sizes:     COMRAM   BANK0   BANK1   BANK2   BANK3   BANK4   BANK5   BANK6   BANK7
      Params:         6       0       0       0       0       0       0       0       0
      Locals:         0       0       0       0       0       0       0       0       0
      Temps:          3       0       0       0       0       0       0       0       0
      Totals:         9       0       0       0       0       0       0       0       0
Total ram usage:        9 bytes
 Hardware stack levels used:    1
 This function calls:
		Nothing
 This function is called by:
		_main
 This function uses a non-reentrant model


 *************** function ___ftadd *****************
 Defined at:
		line 86 in file "C:\Program Files (x86)\Microchip\xc8\v1.36\sources\common\ftadd.c"
 Parameters:    Size  Location     Type
  f1              3   27[COMRAM] float 
  f2              3   30[COMRAM] float 
 Auto vars:     Size  Location     Type
  exp1            1   38[COMRAM] unsigned char 
  exp2            1   37[COMRAM] unsigned char 
  sign            1   36[COMRAM] unsigned char 
 Return value:  Size  Location     Type
                  3   27[COMRAM] float 
 Registers used:
		wreg, status,2, status,0, cstack
 Tracked objects:
		On entry : 
		On exit  : 
		Unchanged: 
 Data sizes:     COMRAM   BANK0   BANK1   BANK2   BANK3   BANK4   BANK5   BANK6   BANK7
      Params:         6       0       0       0       0       0       0       0       0
      Locals:         3       0       0       0       0       0       0       0       0
      Temps:          3       0       0       0       0       0       0       0       0
      Totals:        12       0       0       0       0       0       0       0       0
Total ram usage:       12 bytes
 Hardware stack levels used:    1
 Hardware stack levels required when called:    1
 This function calls:
		___ftpack
 This function is called by:
		_main
 This function uses a non-reentrant model


 *************** function ___awtoft *****************
 Defined at:
		line 32 in file "C:\Program Files (x86)\Microchip\xc8\v1.36\sources\common\awtoft.c"
 Parameters:    Size  Location     Type
  c               2    8[COMRAM] int 
 Auto vars:     Size  Location     Type
  sign            1   11[COMRAM] unsigned char 
 Return value:  Size  Location     Type
                  3    8[COMRAM] float 
 Registers used:
		wreg, status,2, status,0, cstack
 Tracked objects:
		On entry : 
		On exit  : 
		Unchanged: 
 Data sizes:     COMRAM   BANK0   BANK1   BANK2   BANK3   BANK4   BANK5   BANK6   BANK7
      Params:         3       0       0       0       0       0       0       0       0
      Locals:         1       0       0       0       0       0       0       0       0
      Temps:          0       0       0       0       0       0       0       0       0
      Totals:         4       0       0       0       0       0       0       0       0
Total ram usage:        4 bytes
 Hardware stack levels used:    1
 Hardware stack levels required when called:    1
 This function calls:
		___ftpack
 This function is called by:
		_main
 This function uses a non-reentrant model


 *************** function ___ftpack *****************
 Defined at:
		line 62 in file "C:\Program Files (x86)\Microchip\xc8\v1.36\sources\common\float.c"
 Parameters:    Size  Location     Type
  arg             3    0[COMRAM] unsigned um
  exp             1    3[COMRAM] unsigned char 
  sign            1    4[COMRAM] unsigned char 
 Auto vars:     Size  Location     Type
		None
 Return value:  Size  Location     Type
                  3    0[COMRAM] float 
 Registers used:
		wreg, status,2, status,0
 Tracked objects:
		On entry : 
		On exit  : 
		Unchanged: 
 Data sizes:     COMRAM   BANK0   BANK1   BANK2   BANK3   BANK4   BANK5   BANK6   BANK7
      Params:         5       0       0       0       0       0       0       0       0
      Locals:         0       0       0       0       0       0       0       0       0
      Temps:          3       0       0       0       0       0       0       0       0
      Totals:         8       0       0       0       0       0       0       0       0
Total ram usage:        8 bytes
 Hardware stack levels used:    1
 This function calls:
		Nothing
 This function is called by:
		___awtoft
		___ftadd
		___ftmul
		___lbtoft
 This function uses a non-reentrant model



MODULE INFORMATION

Module		Function		Class		Link	Load	Size
C:\Program Files (x86)\Microchip\xc8\v1.36\sources\common\awtoft.c
		___awtoft      		CODE           	7A4E	0000	57

C:\Program Files (x86)\Microchip\xc8\v1.36\sources\common\awtoft.c estimated size: 57

C:\Program Files (x86)\Microchip\xc8\v1.36\sources\common\lbtoft.c
		___lbtoft      		CODE           	7A00	0000	37

C:\Program Files (x86)\Microchip\xc8\v1.36\sources\common\lbtoft.c estimated size: 37

C:\Program Files (x86)\Microchip\xc8\v1.36\sources\common\ftge.c
		___ftge        		CODE           	7A86	0000	145

C:\Program Files (x86)\Microchip\xc8\v1.36\sources\common\ftge.c estimated size: 145

C:\Program Files (x86)\Microchip\xc8\v1.36\sources\common\ftadd.c
		___ftadd       		CODE           	7E54	0000	429

C:\Program Files (x86)\Microchip\xc8\v1.36\sources\common\ftadd.c estimated size: 429

C:\Program Files (x86)\Microchip\xc8\v1.36\sources\common\float.c
		___ftpack      		CODE           	7B16	0000	175

C:\Program Files (x86)\Microchip\xc8\v1.36\sources\common\float.c estimated size: 175

shared
		__initialization		CODE           	7A24	0000	33

shared estimated size: 33

C:\Program Files (x86)\Microchip\xc8\v1.36\sources\common\ftmul.c
		___ftmul       		CODE           	7BC4	0000	245

C:\Program Files (x86)\Microchip\xc8\v1.36\sources\common\ftmul.c estimated size: 245

main.c
		_main          		CODE           	7CB8	0000	413

main.c estimated size: 413

