Microchip MPLAB XC8 Compiler V1.36 ()

Linker command line:

--edf=C:\Program Files (x86)\Microchip\xc8\v1.36\dat\en_msgs.txt -cs \
  -h+PracticaIV.sym --cmf=PracticaIV.cmf -z -Q18F2553 \
  -oC:\Users\CARLOS~1\AppData\Local\Temp\s4a8.2 -MPracticaIV.map -E1 \
  -ver=XC8 -ASTACK=063h-07ffh -pstack=STACK -ACODE=00h-07FFFh \
  -ACONST=00h-07FFFh -ASMALLCONST=0800h-08FFhx120 \
  -AMEDIUMCONST=0800h-07FFFh -ACOMRAM=01h-05Fh -AABS1=00h-07FFh \
  -ABIGRAM=01h-07FFh -ARAM=060h-0FFh,0100h-01FFhx7 -ABANK0=060h-0FFh \
  -ABANK1=0100h-01FFh -ABANK2=0200h-02FFh -ABANK3=0300h-03FFh \
  -ABANK4=0400h-04FFh -ABANK5=0500h-05FFh -ABANK6=0600h-06FFh \
  -ABANK7=0700h-07FFh -ASFR=0F60h-0FFFh \
  -preset_vec=00h,intcode,intcodelo,powerup,init,end_init -pramtop=0800h \
  -psmallconst=SMALLCONST -pmediumconst=MEDIUMCONST -pconst=CONST \
  -AFARRAM=00h-00h -ACONFIG=0300000h-030000Dh -pconfig=CONFIG \
  -AIDLOC=0200000h-0200007h -pidloc=IDLOC -AEEDATA=0F00000h-0F000FFh \
  -peeprom_data=EEDATA \
  -prdata=COMRAM,nvrram=COMRAM,nvbit=COMRAM,rbss=COMRAM,rbit=COMRAM \
  -pfarbss=FARRAM,fardata=FARRAM,nvFARRAM=FARRAM \
  -pintsave_regs=BIGRAM,bigbss=BIGRAM,bigdata=BIGRAM -pbss=RAM \
  -pidata=CODE,irdata=CODE,ibigdata=CODE,ifardata=CODE -prparam=COMRAM \
  startup.obj PracticaIV.obj 

Object code version is 3.11

Machine type is 18F2553

Call graph: (short form)




                Name                               Link     Load   Length Selector   Space Scale
startup.obj     end_init                              0        0        4        0       0
PracticaIV.obj  text8                              7826     7826       AE     3C13       0
                text7                              78D4     78D4       E6     3C6A       0
                text6                              7732     7732       24     3B99       0
                text5                              7796     7796       90     3BCB       0
                text4                              79BA     79BA       F4     3CDD       0
                text3                              7C3A     7C3A      1AC     3E1D       0
                text2                              7756     7756       40     3BAB       0
                text1                              7AAE     7AAE      18C     3D57       0
                text0                              7DE6     7DE6      21A     3EF3       0
                cstackCOMRAM                          1        1       42        1       1
                bssCOMRAM                            43       43       16        1       1
                cinit                              7720     7720       12     3B90       0
                nvBANK0                              60       60        3       60       1
                nvCOMRAM                             59       59        6        1       1

TOTAL           Name                               Link     Load   Length     Space
        CLASS   STACK          

        CLASS   CODE           
                end_init                              0        0        4         0
                text8                              7826     7826       AE         0
                text7                              78D4     78D4       E6         0
                text6                              7732     7732       24         0
                text5                              7796     7796       90         0
                text4                              79BA     79BA       F4         0
                text3                              7C3A     7C3A      1AC         0
                text2                              7756     7756       40         0
                text1                              7AAE     7AAE      18C         0
                text0                              7DE6     7DE6      21A         0
                cinit                              7720     7720       12         0

        CLASS   CONST          

        CLASS   SMALLCONST     

        CLASS   MEDIUMCONST    

        CLASS   COMRAM         
                cstackCOMRAM                          1        1       42         1
                bssCOMRAM                            43       43       16         1
                nvCOMRAM                             59       59        6         1

        CLASS   ABS1           

        CLASS   BIGRAM         

        CLASS   RAM            

        CLASS   BANK0          
                nvBANK0                              60       60        3         1

        CLASS   BANK1          

        CLASS   BANK2          

        CLASS   BANK3          

        CLASS   BANK4          

        CLASS   BANK5          

        CLASS   BANK6          

        CLASS   BANK7          

        CLASS   SFR            

        CLASS   FARRAM         

        CLASS   CONFIG         

        CLASS   IDLOC          

        CLASS   EEDATA         



SEGMENTS        Name                           Load    Length   Top    Selector   Space  Class

                reset_vec                      000000  000004  000004         0       0  CODE    
                cstackCOMRAM                   000001  00005E  00005F         1       1  COMRAM  
                nvBANK0                        000060  000003  000063        60       1  BANK0   
                cinit                          007720  000012  007732      3B90       0  CODE    
                text6                          007732  000024  007756      3B99       0  CODE    
                text2                          007756  000040  007796      3BAB       0  CODE    
                text5                          007796  000090  007826      3BCB       0  CODE    
                text8                          007826  0000AE  0078D4      3C13       0  CODE    
                text7                          0078D4  0000E6  0079BA      3C6A       0  CODE    
                text4                          0079BA  0000F4  007AAE      3CDD       0  CODE    
                text1                          007AAE  00018C  007C3A      3D57       0  CODE    
                text3                          007C3A  0001AC  007DE6      3E1D       0  CODE    
                text0                          007DE6  00021A  008000      3EF3       0  CODE    


UNUSED ADDRESS RANGES

        Name                Unused          Largest block    Delta
        BANK0            0063-00FF             9D
        BANK1            0100-01FF            100
        BANK2            0200-02FF            100
        BANK3            0300-03FF            100
        BANK4            0400-04FF            100
        BANK5            0500-05FF            100
        BANK6            0600-06FF            100
        BANK7            0700-07FF            100
        BIGRAM           005F-005F              1
                         0063-07FF            79D
        CODE             0004-771F           771C
        COMRAM           005F-005F              1
        CONFIG           300000-30000D              E
        CONST            0004-771F           771C
        EEDATA           F00000-F000FF            100
        IDLOC            200000-200007              8
        MEDIUMCONST      0800-771F           6F20
        RAM              0063-07FF            100
        SFR              0F60-0FFF             A0
        SMALLCONST       0800-771F            100
        STACK            0063-07FF            79D

                                  Symbol Table

?___ftadd                cstackCOMRAM 001B
?___ftdiv                cstackCOMRAM 0027
?___ftmul                cstackCOMRAM 0009
?___ftneg                cstackCOMRAM 0018
?___ftpack               cstackCOMRAM 0001
?___ftsub                cstackCOMRAM 0027
?_sqrt                   cstackCOMRAM 002D
_A                       nvCOMRAM     0059
_B                       nvCOMRAM     005C
_C                       nvBANK0      0060
_Det                     bssCOMRAM    0043
_MaquinaEstado           bssCOMRAM    004F
_Root                    bssCOMRAM    0046
_V                       bssCOMRAM    0051
_X                       bssCOMRAM    0053
_X1                      bssCOMRAM    0049
_X2                      bssCOMRAM    004C
__HRAM                   (abs)        0000
__Habs1                  abs1         0000
__Hbank0                 bank0        0000
__Hbank1                 bank1        0000
__Hbank2                 bank2        0000
__Hbank3                 bank3        0000
__Hbank4                 bank4        0000
__Hbank5                 bank5        0000
__Hbank6                 bank6        0000
__Hbank7                 bank7        0000
__Hbigbss                bigbss       0000
__Hbigdata               bigdata      0000
__Hbigram                bigram       0000
__Hbss                   bss          0000
__HbssCOMRAM             bssCOMRAM    0000
__Hcinit                 cinit        0000
__Hclrtext               clrtext      0000
__Hcomram                comram       0000
__Hconfig                config       0000
__Hconst                 const        0000
__HcstackCOMRAM          cstackCOMRAM 0000
__Hdata                  data         0000
__Heeprom_data           eeprom_data  0000
__Hend_init              end_init     0004
__Hfarbss                farbss       0000
__Hfardata               fardata      0000
__Hibigdata              ibigdata     0000
__Hidata                 idata        0000
__Hidloc                 idloc        0000
__Hifardata              ifardata     0000
__Hinit                  init         0000
__Hintcode               intcode      0000
__Hintcode_body          intcode_body 0000
__Hintcodelo             intcodelo    0000
__Hintentry              intentry     0000
__Hintret                intret       0000
__Hintsave_regs          intsave_regs 0000
__Hirdata                irdata       0000
__Hmediumconst           mediumconst  0000
__HnvBANK0               nvBANK0      0000
__HnvCOMRAM              nvCOMRAM     0000
__HnvFARRAM              nvFARRAM     0000
__Hnvbit                 nvbit        0000
__Hnvrram                nvrram       0000
__Hparam                 rparam       0000
__Hpowerup               powerup      0000
__Hram                   ram          0000
__Hramtop                ramtop       0800
__Hrbit                  rbit         0000
__Hrbss                  rbss         0000
__Hrdata                 rdata        0000
__Hreset_vec             reset_vec    0000
__Hrparam                rparam       0000
__Hsfr                   sfr          0000
__Hsmallconst            smallconst   0000
__Hspace_0               (abs)        8000
__Hspace_1               (abs)        0063
__Hspace_2               (abs)        0000
__Hstack                 stack        0000
__Hstruct                struct       0000
__Htemp                  temp         0000
__Htext                  text         0000
__Htext0                 text0        0000
__Htext1                 text1        0000
__Htext2                 text2        0000
__Htext3                 text3        0000
__Htext4                 text4        0000
__Htext5                 text5        0000
__Htext6                 text6        0000
__Htext7                 text7        0000
__Htext8                 text8        0000
__LRAM                   (abs)        0001
__Labs1                  abs1         0000
__Lbank0                 bank0        0000
__Lbank1                 bank1        0000
__Lbank2                 bank2        0000
__Lbank3                 bank3        0000
__Lbank4                 bank4        0000
__Lbank5                 bank5        0000
__Lbank6                 bank6        0000
__Lbank7                 bank7        0000
__Lbigbss                bigbss       0000
__Lbigdata               bigdata      0000
__Lbigram                bigram       0000
__Lbss                   bss          0000
__LbssCOMRAM             bssCOMRAM    0000
__Lcinit                 cinit        0000
__Lclrtext               clrtext      0000
__Lcomram                comram       0000
__Lconfig                config       0000
__Lconst                 const        0000
__LcstackCOMRAM          cstackCOMRAM 0000
__Ldata                  data         0000
__Leeprom_data           eeprom_data  0000
__Lend_init              end_init     0000
__Lfarbss                farbss       0000
__Lfardata               fardata      0000
__Libigdata              ibigdata     0000
__Lidata                 idata        0000
__Lidloc                 idloc        0000
__Lifardata              ifardata     0000
__Linit                  init         0000
__Lintcode               intcode      0000
__Lintcode_body          intcode_body 0000
__Lintcodelo             intcodelo    0000
__Lintentry              intentry     0000
__Lintret                intret       0000
__Lintsave_regs          intsave_regs 0000
__Lirdata                irdata       0000
__Lmediumconst           mediumconst  0000
__LnvBANK0               nvBANK0      0000
__LnvCOMRAM              nvCOMRAM     0000
__LnvFARRAM              nvFARRAM     0000
__Lnvbit                 nvbit        0000
__Lnvrram                nvrram       0000
__Lparam                 rparam       0000
__Lpowerup               powerup      0000
__Lram                   ram          0000
__Lramtop                ramtop       0800
__Lrbit                  rbit         0000
__Lrbss                  rbss         0000
__Lrdata                 rdata        0000
__Lreset_vec             reset_vec    0000
__Lrparam                rparam       0000
__Lsfr                   sfr          0000
__Lsmallconst            smallconst   0000
__Lspace_0               (abs)        0000
__Lspace_1               (abs)        0000
__Lspace_2               (abs)        0000
__Lstack                 stack        0000
__Lstruct                struct       0000
__Ltemp                  temp         0000
__Ltext                  text         0000
__Ltext0                 text0        0000
__Ltext1                 text1        0000
__Ltext2                 text2        0000
__Ltext3                 text3        0000
__Ltext4                 text4        0000
__Ltext5                 text5        0000
__Ltext6                 text6        0000
__Ltext7                 text7        0000
__Ltext8                 text8        0000
__S0                     (abs)        8000
__S1                     (abs)        0063
__S2                     (abs)        0000
___ftadd                 text3        7C3A
___ftadd@exp1            cstackCOMRAM 0026
___ftadd@exp2            cstackCOMRAM 0025
___ftadd@f1              cstackCOMRAM 001B
___ftadd@f2              cstackCOMRAM 001E
___ftadd@sign            cstackCOMRAM 0024
___ftdiv                 text7        78D4
___ftdiv@cntr            cstackCOMRAM 0030
___ftdiv@exp             cstackCOMRAM 0034
___ftdiv@f1              cstackCOMRAM 0027
___ftdiv@f2              cstackCOMRAM 002A
___ftdiv@f3              cstackCOMRAM 0031
___ftdiv@sign            cstackCOMRAM 0035
___ftge                  text5        7796
___ftge@ff1              cstackCOMRAM 0001
___ftge@ff2              cstackCOMRAM 0004
___ftmul                 text4        79BA
___ftmul@cntr            cstackCOMRAM 0016
___ftmul@exp             cstackCOMRAM 0012
___ftmul@f1              cstackCOMRAM 0009
___ftmul@f2              cstackCOMRAM 000C
___ftmul@f3_as_product   cstackCOMRAM 0013
___ftmul@sign            cstackCOMRAM 0017
___ftneg                 text6        7732
___ftneg@f1              cstackCOMRAM 0018
___ftpack                text8        7826
___ftpack@arg            cstackCOMRAM 0001
___ftpack@exp            cstackCOMRAM 0004
___ftpack@sign           cstackCOMRAM 0005
___ftsub                 text2        7756
___ftsub@f1              cstackCOMRAM 0027
___ftsub@f2              cstackCOMRAM 002A
___inthi_sp              stack        0000
___intlo_sp              stack        0000
___param_bank            (abs)        0010
___rparam_used           (abs)        0001
___sp                    stack        0000
__accesstop              (abs)        0060
__activetblptr           (abs)        0000
__end_of___ftadd         text3        7DE6
__end_of___ftdiv         text7        79BA
__end_of___ftge          text5        7826
__end_of___ftmul         text4        7AAE
__end_of___ftneg         text6        7756
__end_of___ftpack        text8        78D4
__end_of___ftsub         text2        7796
__end_of__initialization cinit        772C
__end_of_main            text0        8000
__end_of_sqrt            text1        7C3A
__initialization         cinit        7720
__mediumconst            mediumconst  0000
__pbssCOMRAM             bssCOMRAM    0043
__pcinit                 cinit        7720
__pcstackCOMRAM          cstackCOMRAM 0001
__pnvBANK0               nvBANK0      0060
__pnvCOMRAM              nvCOMRAM     0059
__ptext0                 text0        7DE6
__ptext1                 text1        7AAE
__ptext2                 text2        7756
__ptext3                 text3        7C3A
__ptext4                 text4        79BA
__ptext5                 text5        7796
__ptext6                 text6        7732
__ptext7                 text7        78D4
__ptext8                 text8        7826
__ramtop                 ramtop       0800
__size_of___ftadd        (abs)        0000
__size_of___ftdiv        (abs)        0000
__size_of___ftge         (abs)        0000
__size_of___ftmul        (abs)        0000
__size_of___ftneg        (abs)        0000
__size_of___ftpack       (abs)        0000
__size_of___ftsub        (abs)        0000
__size_of_main           (abs)        0000
__size_of_sqrt           (abs)        0000
__smallconst             smallconst   0000
_errno                   bssCOMRAM    0055
_i                       bssCOMRAM    0057
_main                    text0        7DE6
_main$568                cstackCOMRAM 0040
_sqrt                    text1        7AAE
end_of_initialization    cinit        772C
intlevel0                text         0000
intlevel1                text         0000
intlevel2                text         0000
intlevel3                text         0000
sqrt@a                   cstackCOMRAM 002D
sqrt@i                   cstackCOMRAM 0039
sqrt@og                  cstackCOMRAM 0033
sqrt@q                   cstackCOMRAM 003A
sqrt@x                   cstackCOMRAM 003D
sqrt@z                   cstackCOMRAM 0036
stackhi                  (abs)        07FF
stacklo                  (abs)        0063
start                    init         0000
start_initialization     cinit        7720


FUNCTION INFORMATION:

 *************** function _main *****************
 Defined at:
		line 21 in file "C:\Users\CarlosAndrés\MPLABXProjects\PracticaIV.X\main.c"
 Parameters:    Size  Location     Type
		None
 Auto vars:     Size  Location     Type
		None
 Return value:  Size  Location     Type
                  1    wreg      void 
 Registers used:
		wreg, status,2, status,0, cstack
 Tracked objects:
		On entry : 
		On exit  : 
		Unchanged: 
 Data sizes:     COMRAM   BANK0   BANK1   BANK2   BANK3   BANK4   BANK5   BANK6   BANK7
      Params:         0       0       0       0       0       0       0       0       0
      Locals:         3       0       0       0       0       0       0       0       0
      Temps:          0       0       0       0       0       0       0       0       0
      Totals:         3       0       0       0       0       0       0       0       0
Total ram usage:        3 bytes
 Hardware stack levels required when called:    4
 This function calls:
		___ftadd
		___ftdiv
		___ftmul
		___ftneg
		_sqrt
 This function is called by:
		Startup code after reset
 This function uses a non-reentrant model


 *************** function _sqrt *****************
 Defined at:
		line 9 in file "C:\Program Files (x86)\Microchip\xc8\v1.36\sources\common\sprcsqrt.c"
 Parameters:    Size  Location     Type
  a               3   44[COMRAM] void 
 Auto vars:     Size  Location     Type
  x               3   60[COMRAM] void 
  q               3   57[COMRAM] void 
  z               3   53[COMRAM] void 
  og              3   50[COMRAM] void 
  i               1   56[COMRAM] unsigned char 
 Return value:  Size  Location     Type
                  3   44[COMRAM] unsigned char 
 Registers used:
		wreg, status,2, status,0, cstack
 Tracked objects:
		On entry : 
		On exit  : 
		Unchanged: 
 Data sizes:     COMRAM   BANK0   BANK1   BANK2   BANK3   BANK4   BANK5   BANK6   BANK7
      Params:         3       0       0       0       0       0       0       0       0
      Locals:        13       0       0       0       0       0       0       0       0
      Temps:          3       0       0       0       0       0       0       0       0
      Totals:        19       0       0       0       0       0       0       0       0
Total ram usage:       19 bytes
 Hardware stack levels used:    1
 Hardware stack levels required when called:    3
 This function calls:
		___ftge
		___ftmul
		___ftsub
 This function is called by:
		_main
 This function uses a non-reentrant model


 *************** function ___ftsub *****************
 Defined at:
		line 20 in file "C:\Program Files (x86)\Microchip\xc8\v1.36\sources\common\ftsub.c"
 Parameters:    Size  Location     Type
  f1              3   38[COMRAM] float 
  f2              3   41[COMRAM] float 
 Auto vars:     Size  Location     Type
		None
 Return value:  Size  Location     Type
                  3   38[COMRAM] float 
 Registers used:
		wreg, status,2, status,0, cstack
 Tracked objects:
		On entry : 
		On exit  : 
		Unchanged: 
 Data sizes:     COMRAM   BANK0   BANK1   BANK2   BANK3   BANK4   BANK5   BANK6   BANK7
      Params:         6       0       0       0       0       0       0       0       0
      Locals:         0       0       0       0       0       0       0       0       0
      Temps:          0       0       0       0       0       0       0       0       0
      Totals:         6       0       0       0       0       0       0       0       0
Total ram usage:        6 bytes
 Hardware stack levels used:    1
 Hardware stack levels required when called:    2
 This function calls:
		___ftadd
 This function is called by:
		_sqrt
 This function uses a non-reentrant model


 *************** function ___ftadd *****************
 Defined at:
		line 86 in file "C:\Program Files (x86)\Microchip\xc8\v1.36\sources\common\ftadd.c"
 Parameters:    Size  Location     Type
  f1              3   26[COMRAM] float 
  f2              3   29[COMRAM] float 
 Auto vars:     Size  Location     Type
  exp1            1   37[COMRAM] unsigned char 
  exp2            1   36[COMRAM] unsigned char 
  sign            1   35[COMRAM] unsigned char 
 Return value:  Size  Location     Type
                  3   26[COMRAM] float 
 Registers used:
		wreg, status,2, status,0, cstack
 Tracked objects:
		On entry : 
		On exit  : 
		Unchanged: 
 Data sizes:     COMRAM   BANK0   BANK1   BANK2   BANK3   BANK4   BANK5   BANK6   BANK7
      Params:         6       0       0       0       0       0       0       0       0
      Locals:         3       0       0       0       0       0       0       0       0
      Temps:          3       0       0       0       0       0       0       0       0
      Totals:        12       0       0       0       0       0       0       0       0
Total ram usage:       12 bytes
 Hardware stack levels used:    1
 Hardware stack levels required when called:    1
 This function calls:
		___ftpack
 This function is called by:
		_main
		___ftsub
 This function uses a non-reentrant model


 *************** function ___ftmul *****************
 Defined at:
		line 62 in file "C:\Program Files (x86)\Microchip\xc8\v1.36\sources\common\ftmul.c"
 Parameters:    Size  Location     Type
  f1              3    8[COMRAM] float 
  f2              3   11[COMRAM] float 
 Auto vars:     Size  Location     Type
  f3_as_produc    3   18[COMRAM] unsigned um
  sign            1   22[COMRAM] unsigned char 
  cntr            1   21[COMRAM] unsigned char 
  exp             1   17[COMRAM] unsigned char 
 Return value:  Size  Location     Type
                  3    8[COMRAM] float 
 Registers used:
		wreg, status,2, status,0, cstack
 Tracked objects:
		On entry : 
		On exit  : 
		Unchanged: 
 Data sizes:     COMRAM   BANK0   BANK1   BANK2   BANK3   BANK4   BANK5   BANK6   BANK7
      Params:         6       0       0       0       0       0       0       0       0
      Locals:         6       0       0       0       0       0       0       0       0
      Temps:          3       0       0       0       0       0       0       0       0
      Totals:        15       0       0       0       0       0       0       0       0
Total ram usage:       15 bytes
 Hardware stack levels used:    1
 Hardware stack levels required when called:    1
 This function calls:
		___ftpack
 This function is called by:
		_main
		_sqrt
 This function uses a non-reentrant model


 *************** function ___ftge *****************
 Defined at:
		line 4 in file "C:\Program Files (x86)\Microchip\xc8\v1.36\sources\common\ftge.c"
 Parameters:    Size  Location     Type
  ff1             3    0[COMRAM] float 
  ff2             3    3[COMRAM] float 
 Auto vars:     Size  Location     Type
		None
 Return value:  Size  Location     Type
		None               void
 Registers used:
		wreg, status,2, status,0
 Tracked objects:
		On entry : 
		On exit  : 
		Unchanged: 
 Data sizes:     COMRAM   BANK0   BANK1   BANK2   BANK3   BANK4   BANK5   BANK6   BANK7
      Params:         6       0       0       0       0       0       0       0       0
      Locals:         0       0       0       0       0       0       0       0       0
      Temps:          3       0       0       0       0       0       0       0       0
      Totals:         9       0       0       0       0       0       0       0       0
Total ram usage:        9 bytes
 Hardware stack levels used:    1
 This function calls:
		Nothing
 This function is called by:
		_sqrt
 This function uses a non-reentrant model


 *************** function ___ftneg *****************
 Defined at:
		line 15 in file "C:\Program Files (x86)\Microchip\xc8\v1.36\sources\common\ftneg.c"
 Parameters:    Size  Location     Type
  f1              3   23[COMRAM] float 
 Auto vars:     Size  Location     Type
		None
 Return value:  Size  Location     Type
                  3   23[COMRAM] float 
 Registers used:
		wreg, status,2, status,0
 Tracked objects:
		On entry : 
		On exit  : 
		Unchanged: 
 Data sizes:     COMRAM   BANK0   BANK1   BANK2   BANK3   BANK4   BANK5   BANK6   BANK7
      Params:         3       0       0       0       0       0       0       0       0
      Locals:         0       0       0       0       0       0       0       0       0
      Temps:          0       0       0       0       0       0       0       0       0
      Totals:         3       0       0       0       0       0       0       0       0
Total ram usage:        3 bytes
 Hardware stack levels used:    1
 This function calls:
		Nothing
 This function is called by:
		_main
 This function uses a non-reentrant model


 *************** function ___ftdiv *****************
 Defined at:
		line 54 in file "C:\Program Files (x86)\Microchip\xc8\v1.36\sources\common\ftdiv.c"
 Parameters:    Size  Location     Type
  f1              3   38[COMRAM] float 
  f2              3   41[COMRAM] float 
 Auto vars:     Size  Location     Type
  f3              3   48[COMRAM] float 
  sign            1   52[COMRAM] unsigned char 
  exp             1   51[COMRAM] unsigned char 
  cntr            1   47[COMRAM] unsigned char 
 Return value:  Size  Location     Type
                  3   38[COMRAM] float 
 Registers used:
		wreg, status,2, status,0, cstack
 Tracked objects:
		On entry : 
		On exit  : 
		Unchanged: 
 Data sizes:     COMRAM   BANK0   BANK1   BANK2   BANK3   BANK4   BANK5   BANK6   BANK7
      Params:         6       0       0       0       0       0       0       0       0
      Locals:         6       0       0       0       0       0       0       0       0
      Temps:          3       0       0       0       0       0       0       0       0
      Totals:        15       0       0       0       0       0       0       0       0
Total ram usage:       15 bytes
 Hardware stack levels used:    1
 Hardware stack levels required when called:    1
 This function calls:
		___ftpack
 This function is called by:
		_main
 This function uses a non-reentrant model


 *************** function ___ftpack *****************
 Defined at:
		line 62 in file "C:\Program Files (x86)\Microchip\xc8\v1.36\sources\common\float.c"
 Parameters:    Size  Location     Type
  arg             3    0[COMRAM] unsigned um
  exp             1    3[COMRAM] unsigned char 
  sign            1    4[COMRAM] unsigned char 
 Auto vars:     Size  Location     Type
		None
 Return value:  Size  Location     Type
                  3    0[COMRAM] float 
 Registers used:
		wreg, status,2, status,0
 Tracked objects:
		On entry : 
		On exit  : 
		Unchanged: 
 Data sizes:     COMRAM   BANK0   BANK1   BANK2   BANK3   BANK4   BANK5   BANK6   BANK7
      Params:         5       0       0       0       0       0       0       0       0
      Locals:         0       0       0       0       0       0       0       0       0
      Temps:          3       0       0       0       0       0       0       0       0
      Totals:         8       0       0       0       0       0       0       0       0
Total ram usage:        8 bytes
 Hardware stack levels used:    1
 This function calls:
		Nothing
 This function is called by:
		___ftadd
		___ftdiv
		___ftmul
 This function uses a non-reentrant model



MODULE INFORMATION

Module		Function		Class		Link	Load	Size
C:\Program Files (x86)\Microchip\xc8\v1.36\sources\common\ftge.c
		___ftge        		CODE           	7796	0000	145

C:\Program Files (x86)\Microchip\xc8\v1.36\sources\common\ftge.c estimated size: 145

C:\Program Files (x86)\Microchip\xc8\v1.36\sources\common\ftadd.c
		___ftadd       		CODE           	7C3A	0000	429

C:\Program Files (x86)\Microchip\xc8\v1.36\sources\common\ftadd.c estimated size: 429

C:\Users\CarlosAndrés\MPLABXProjects\PracticaIV.X\main.c
		_main          		CODE           	7DE6	0000	539

C:\Users\CarlosAndrés\MPLABXProjects\PracticaIV.X\main.c estimated size: 539

C:\Program Files (x86)\Microchip\xc8\v1.36\sources\common\ftneg.c
		___ftneg       		CODE           	7732	0000	37

C:\Program Files (x86)\Microchip\xc8\v1.36\sources\common\ftneg.c estimated size: 37

C:\Program Files (x86)\Microchip\xc8\v1.36\sources\common\ftsub.c
		___ftsub       		CODE           	7756	0000	65

C:\Program Files (x86)\Microchip\xc8\v1.36\sources\common\ftsub.c estimated size: 65

C:\Program Files (x86)\Microchip\xc8\v1.36\sources\common\float.c
		___ftpack      		CODE           	7826	0000	175

C:\Program Files (x86)\Microchip\xc8\v1.36\sources\common\float.c estimated size: 175

shared
		__initialization		CODE           	7720	0000	13

shared estimated size: 13

C:\Program Files (x86)\Microchip\xc8\v1.36\sources\common\sprcsqrt.c
		_sqrt          		CODE           	7AAE	0000	397

C:\Program Files (x86)\Microchip\xc8\v1.36\sources\common\sprcsqrt.c estimated size: 397

C:\Program Files (x86)\Microchip\xc8\v1.36\sources\common\ftmul.c
		___ftmul       		CODE           	79BA	0000	245

C:\Program Files (x86)\Microchip\xc8\v1.36\sources\common\ftmul.c estimated size: 245

C:\Program Files (x86)\Microchip\xc8\v1.36\sources\common\ftdiv.c
		___ftdiv       		CODE           	78D4	0000	231

C:\Program Files (x86)\Microchip\xc8\v1.36\sources\common\ftdiv.c estimated size: 231

